#-----------------------------------------------------------
# Vivado v2021.1 (64-bit)
# SW Build 3247384 on Thu Jun 10 19:36:33 MDT 2021
# IP Build 3246043 on Fri Jun 11 00:30:35 MDT 2021
# Start of session at: Thu Nov 18 15:34:00 2021
# Process ID: 24472
# Current directory: C:/Users/david_davis1/Box/SoC/ClassReports/SoC/CR3/CR3
# Command line: vivado.exe -gui_launcher_event rodinguilauncherevent24020 C:\Users\david_davis1\Box\SoC\ClassReports\SoC\CR3\CR3\CR3.xpr
# Log file: C:/Users/david_davis1/Box/SoC/ClassReports/SoC/CR3/CR3/vivado.log
# Journal file: C:/Users/david_davis1/Box/SoC/ClassReports/SoC/CR3/CR3\vivado.jou
#-----------------------------------------------------------
start_gui
open_project C:/Users/david_davis1/Box/SoC/ClassReports/SoC/CR3/CR3/CR3.xpr
reset_run synth_1
update_compile_order -fileset sources_1
launch_runs impl_1 -to_step write_bitstream -jobs 6
wait_on_run impl_1
open_run impl_1
write_hw_platform -fixed -include_bit -force -file C:/Users/david_davis1/Box/SoC/ClassReports/SoC/CR3/CR3/CR3xsa.xsa
