15:41:50 **** Incremental Build of configuration Debug for project CR5app ****
make all 
'Building file: ../src/main_sampler_test.cpp'
'Invoking: MicroBlaze g++ compiler'
mb-g++ -Wall -O0 -g3 -c -fmessage-length=0 -MT"src/main_sampler_test.o" -IC:/Users/david_davis1/workspace/CR5/export/CR5/sw/CR5/standalone_domain/bspinclude/include -mno-xl-reorder -mlittle-endian -mcpu=v11.0 -mxl-soft-mul -Wl,--no-relax -ffunction-sections -fdata-sections -MMD -MP -MF"src/main_sampler_test.d" -MT"src/main_sampler_test.o" -o "src/main_sampler_test.o" "../src/main_sampler_test.cpp"
../src/main_sampler_test.cpp: In function 'int main()':
../src/main_sampler_test.cpp:167:15: warning: 'units' is used uninitialized in this function [-Wuninitialized]
  167 |    displayTemp(tmp, &sseg, &sw, units);
      |    ~~~~~~~~~~~^~~~~~~~~~~~~~~~~~~~~~~~
'Finished building: ../src/main_sampler_test.cpp'
' '
'Building target: CR5app.elf'
'Invoking: MicroBlaze g++ linker'
mb-g++ -Wl,-T -Wl,../src/lscript.ld -LC:/Users/david_davis1/workspace/CR5/export/CR5/sw/CR5/standalone_domain/bsplib/lib -mlittle-endian -mcpu=v11.0 -mxl-soft-mul -Wl,--no-relax -Wl,--gc-sections -o "CR5app.elf"  ./src/adsr_core.o ./src/chu_init.o ./src/ddfs_core.o ./src/gpio_cores.o ./src/i2c_core.o ./src/main_sampler_test.o ./src/ps2_core.o ./src/spi_core.o ./src/sseg_core.o ./src/timer_core.o ./src/uart_core.o ./src/xadc_core.o   -Wl,--start-group,-lxil,-lgcc,-lc,-lstdc++,--end-group
'Finished building target: CR5app.elf'
' '
'Invoking: MicroBlaze Print Size'
mb-size CR5app.elf  |tee "CR5app.elf.size"
   text	   data	    bss	    dec	    hex	filename
  27120	    284	   3236	  30640	   77b0	CR5app.elf
'Finished building: CR5app.elf.size'
' '

15:41:51 Build Finished (took 974ms)

