Copyright 1986-2021 Xilinx, Inc. All Rights Reserved.
--------------------------------------------------------------------------------------------
| Tool Version : Vivado v.2021.1 (win64) Build 3247384 Thu Jun 10 19:36:33 MDT 2021
| Date         : Mon Dec  6 19:47:47 2021
| Host         : ROG-114-07 running 64-bit major release  (build 9200)
| Command      : report_control_sets -verbose -file mcs_top_sampler_control_sets_placed.rpt
| Design       : mcs_top_sampler
| Device       : xc7a100t
--------------------------------------------------------------------------------------------

Control Set Information

Table of Contents
-----------------
1. Summary
2. Histogram
3. Flip-Flop Distribution
4. Detailed Control Set Information

1. Summary
----------

+----------------------------------------------------------+-------+
|                          Status                          | Count |
+----------------------------------------------------------+-------+
| Total control sets                                       |    44 |
|    Minimum number of control sets                        |    44 |
|    Addition due to synthesis replication                 |     0 |
|    Addition due to physical synthesis replication        |     0 |
| Unused register locations in slices containing registers |    87 |
+----------------------------------------------------------+-------+
* Control sets can be merged at opt_design using control_set_merge or merge_equivalent_drivers
** Run report_qor_suggestions for automated merging and remapping suggestions


2. Histogram
------------

+--------------------+-------+
|       Fanout       | Count |
+--------------------+-------+
| Total control sets |    44 |
| >= 0 to < 4        |     3 |
| >= 4 to < 6        |     6 |
| >= 6 to < 8        |     1 |
| >= 8 to < 10       |     8 |
| >= 10 to < 12      |     1 |
| >= 12 to < 14      |     9 |
| >= 14 to < 16      |     1 |
| >= 16              |    15 |
+--------------------+-------+
* Control sets can be remapped at either synth_design or opt_design


3. Flip-Flop Distribution
-------------------------

+--------------+-----------------------+------------------------+-----------------+--------------+
| Clock Enable | Synchronous Set/Reset | Asynchronous Set/Reset | Total Registers | Total Slices |
+--------------+-----------------------+------------------------+-----------------+--------------+
| No           | No                    | No                     |              58 |           22 |
| No           | No                    | Yes                    |             122 |           43 |
| No           | Yes                   | No                     |              63 |           29 |
| Yes          | No                    | No                     |              32 |           22 |
| Yes          | No                    | Yes                    |             237 |           78 |
| Yes          | Yes                   | No                     |             185 |           68 |
+--------------+-----------------------+------------------------+-----------------+--------------+


4. Detailed Control Set Information
-----------------------------------

+----------------+----------------------------------------------------------------------------------------------------------------------+------------------------------------------------------------------------------------------------------------------------------+------------------+----------------+--------------+
|  Clock Signal  |                                                     Enable Signal                                                    |                                                       Set/Reset Signal                                                       | Slice Load Count | Bel Load Count | Bels / Slice |
+----------------+----------------------------------------------------------------------------------------------------------------------+------------------------------------------------------------------------------------------------------------------------------+------------------+----------------+--------------+
|  clk_IBUF_BUFG |                                                                                                                      | cpu_unit/inst/microblaze_I/U0/MicroBlaze_Core_I/Area.Core/Decode_I/MSR_Rst                                                   |                1 |              1 |         1.00 |
|  clk_IBUF_BUFG |                                                                                                                      | cpu_unit/inst/microblaze_I/U0/MicroBlaze_Core_I/Area.Core/Decode_I/Using_FPGA.New_Carry_MUXCY/Use_Async_Reset.sync_reset_reg |                1 |              1 |         1.00 |
|  clk_IBUF_BUFG | cpu_unit/inst/microblaze_I/U0/MicroBlaze_Core_I/Area.Core/Decode_I/MTSMSR_Write                                      | cpu_unit/inst/microblaze_I/U0/MicroBlaze_Core_I/sync_reset                                                                   |                1 |              1 |         1.00 |
|  clk_IBUF_BUFG | mmio_unit/uart_slot1/uart_unit/uart_tx_unit/s_next                                                                   | mmio_unit/uart_slot1/uart_unit/fifo_rx_unit/c_unit/AR[0]                                                                     |                2 |              4 |         2.00 |
|  clk_IBUF_BUFG |                                                                                                                      | cpu_unit/inst/rst_0/U0/bus_struct_reset[0]                                                                                   |                2 |              4 |         2.00 |
|  clk_IBUF_BUFG |                                                                                                                      | cpu_unit/inst/microblaze_I/U0/MicroBlaze_Core_I/Area.Core/Decode_I/Using_FPGA.MUXCY_JUMP_CARRY3/S_0                          |                2 |              4 |         2.00 |
|  clk_IBUF_BUFG | mmio_unit/uart_slot1/uart_unit/uart_rx_unit/s_next                                                                   | mmio_unit/uart_slot1/uart_unit/fifo_rx_unit/c_unit/AR[0]                                                                     |                1 |              4 |         4.00 |
|  clk_IBUF_BUFG | mmio_unit/i2c_slot10/i2c_unit/FSM_sequential_state_reg[3]_i_1_n_0                                                    | mmio_unit/uart_slot1/uart_unit/fifo_rx_unit/c_unit/AR[0]                                                                     |                3 |              4 |         1.33 |
|  clk_IBUF_BUFG |                                                                                                                      | cpu_unit/inst/rst_0/U0/EXT_LPF/lpf_int                                                                                       |                3 |              5 |         1.67 |
|  clk_IBUF_BUFG | cpu_unit/inst/rst_0/U0/SEQ/seq_cnt_en                                                                                | cpu_unit/inst/rst_0/U0/SEQ/SEQ_COUNTER/clear                                                                                 |                1 |              6 |         6.00 |
|  clk_IBUF_BUFG | mmio_unit/uart_slot1/uart_unit/uart_tx_unit/b_next_0                                                                 | mmio_unit/uart_slot1/uart_unit/fifo_rx_unit/c_unit/AR[0]                                                                     |                3 |              8 |         2.67 |
|  clk_IBUF_BUFG | mmio_unit/uart_slot1/uart_unit/uart_tx_unit/E[0]                                                                     | mmio_unit/uart_slot1/uart_unit/fifo_rx_unit/c_unit/AR[0]                                                                     |                3 |              8 |         2.67 |
|  clk_IBUF_BUFG | mmio_unit/uart_slot1/uart_unit/uart_tx_unit/empty_logic_reg[0]                                                       | mmio_unit/uart_slot1/uart_unit/fifo_rx_unit/c_unit/AR[0]                                                                     |                3 |              8 |         2.67 |
|  clk_IBUF_BUFG | mmio_unit/uart_slot1/uart_unit/fifo_rx_unit/c_unit/w_ptr_logic[7]_i_1__0_n_0                                         | mmio_unit/uart_slot1/uart_unit/fifo_rx_unit/c_unit/AR[0]                                                                     |                3 |              8 |         2.67 |
|  clk_IBUF_BUFG | mmio_unit/uart_slot1/uart_unit/uart_rx_unit/b_next                                                                   | mmio_unit/uart_slot1/uart_unit/fifo_rx_unit/c_unit/AR[0]                                                                     |                2 |              8 |         4.00 |
|  clk_IBUF_BUFG | mmio_unit/uart_slot1/uart_unit/fifo_rx_unit/c_unit/r_ptr_logic[7]_i_1__0_n_0                                         | mmio_unit/uart_slot1/uart_unit/fifo_rx_unit/c_unit/AR[0]                                                                     |                4 |              8 |         2.00 |
|  clk_IBUF_BUFG | cpu_unit/inst/microblaze_I/U0/MicroBlaze_Core_I/Area.Core/Decode_I/Using_FPGA.of_PipeRun_MuxCY_1/Using_FPGA.Native_0 | cpu_unit/inst/microblaze_I/U0/MicroBlaze_Core_I/Area.Core/Decode_I/Using_FPGA.MUXCY_JUMP_CARRY3/S66_out                      |                2 |              8 |         4.00 |
|  clk_IBUF_BUFG | mmio_unit/i2c_slot10/i2c_unit/rx_next                                                                                | mmio_unit/uart_slot1/uart_unit/fifo_rx_unit/c_unit/AR[0]                                                                     |                3 |              9 |         3.00 |
|  clk_IBUF_BUFG | mmio_unit/uart_slot1/dvsr_reg[10]_i_1_n_0                                                                            | mmio_unit/uart_slot1/uart_unit/fifo_rx_unit/c_unit/AR[0]                                                                     |                3 |             11 |         3.67 |
|  clk_IBUF_BUFG | mmio_unit/uart_slot1/uart_unit/fifo_tx_unit/c_unit/w_ptr_logic_reg[7]_0                                              |                                                                                                                              |                3 |             12 |         4.00 |
|  clk_IBUF_BUFG | mmio_unit/uart_slot1/uart_unit/fifo_tx_unit/c_unit/w_ptr_logic_reg[6]_2                                              |                                                                                                                              |                3 |             12 |         4.00 |
|  clk_IBUF_BUFG | mmio_unit/uart_slot1/uart_unit/fifo_tx_unit/c_unit/w_ptr_logic_reg[6]_0                                              |                                                                                                                              |                3 |             12 |         4.00 |
|  clk_IBUF_BUFG | mmio_unit/uart_slot1/uart_unit/fifo_tx_unit/c_unit/w_ptr_logic_reg[6]_1                                              |                                                                                                                              |                3 |             12 |         4.00 |
|  clk_IBUF_BUFG | mmio_unit/uart_slot1/uart_unit/fifo_rx_unit/c_unit/w_ptr_logic_reg[6]_0                                              |                                                                                                                              |                3 |             12 |         4.00 |
|  clk_IBUF_BUFG | mmio_unit/uart_slot1/uart_unit/fifo_rx_unit/c_unit/w_ptr_logic_reg[6]_2                                              |                                                                                                                              |                3 |             12 |         4.00 |
|  clk_IBUF_BUFG | mmio_unit/uart_slot1/uart_unit/fifo_rx_unit/c_unit/w_ptr_logic_reg[7]_0                                              |                                                                                                                              |                3 |             12 |         4.00 |
|  clk_IBUF_BUFG | mmio_unit/uart_slot1/uart_unit/fifo_rx_unit/c_unit/w_ptr_logic_reg[6]_1                                              |                                                                                                                              |                3 |             12 |         4.00 |
|  clk_IBUF_BUFG | mmio_unit/i2c_slot10/i2c_unit/bit_reg[3]_i_1_n_0                                                                     | mmio_unit/uart_slot1/uart_unit/fifo_rx_unit/c_unit/AR[0]                                                                     |                3 |             13 |         4.33 |
|  clk_IBUF_BUFG | cpu_unit/inst/microblaze_I/U0/MicroBlaze_Core_I/Area.Core/Decode_I/Using_FPGA.MUXCY_JUMP_CARRY3/PC_Write             | cpu_unit/inst/microblaze_I/U0/MicroBlaze_Core_I/sync_reset                                                                   |                6 |             15 |         2.50 |
|  clk_IBUF_BUFG | mmio_unit/gpo_slot2/wr_en                                                                                            | mmio_unit/uart_slot1/uart_unit/fifo_rx_unit/c_unit/AR[0]                                                                     |                8 |             16 |         2.00 |
|  clk_IBUF_BUFG | mmio_unit/i2c_slot10/dvsr_reg[15]_i_1_n_0                                                                            | mmio_unit/uart_slot1/uart_unit/fifo_rx_unit/c_unit/AR[0]                                                                     |                4 |             16 |         4.00 |
|  clk_IBUF_BUFG | cpu_unit/inst/microblaze_I/U0/MicroBlaze_Core_I/Area.Core/Decode_I/PreFetch_Buffer_I/of_valid_FDR_I/E[0]             | cpu_unit/inst/microblaze_I/U0/MicroBlaze_Core_I/sync_reset                                                                   |                7 |             16 |         2.29 |
|  clk_IBUF_BUFG |                                                                                                                      | cpu_unit/inst/microblaze_I/U0/MicroBlaze_Core_I/sync_reset                                                                   |                6 |             16 |         2.67 |
|  clk_IBUF_BUFG |                                                                                                                      | cpu_unit/inst/iomodule_0/U0/Using_IO_Bus.io_read_keep_reg_inv_n_0                                                            |               14 |             32 |         2.29 |
|  clk_IBUF_BUFG | mmio_unit/led_slot8/wr_d1                                                                                            | mmio_unit/uart_slot1/uart_unit/fifo_rx_unit/c_unit/AR[0]                                                                     |               10 |             32 |         3.20 |
|  clk_IBUF_BUFG | mmio_unit/led_slot8/d0_reg[31]_i_1_n_0                                                                               | mmio_unit/uart_slot1/uart_unit/fifo_rx_unit/c_unit/AR[0]                                                                     |               13 |             32 |         2.46 |
|  clk_IBUF_BUFG | cpu_unit/inst/microblaze_I/U0/MicroBlaze_Core_I/Area.Core/Decode_I/Using_FPGA.of_PipeRun_MuxCY_1/Using_FPGA.Native_0 |                                                                                                                              |               22 |             32 |         1.45 |
|  clk_IBUF_BUFG | cpu_unit/inst/microblaze_I/U0/MicroBlaze_Core_I/Area.Core/Decode_I/Using_FPGA.clean_iReady_MuxCY/IReady              |                                                                                                                              |               13 |             47 |         3.62 |
|  clk_IBUF_BUFG | mmio_unit/timer_slot0/count_reg[47]_i_1_n_0                                                                          | mmio_unit/uart_slot1/uart_unit/fifo_rx_unit/c_unit/AR[0]                                                                     |               10 |             48 |         4.80 |
|  clk_IBUF_BUFG | cpu_unit/inst/iomodule_0/U0/IO_Addr_Strobe00_in                                                                      | cpu_unit/inst/rst_0/U0/peripheral_reset[0]                                                                                   |               19 |             49 |         2.58 |
|  clk_IBUF_BUFG |                                                                                                                      |                                                                                                                              |               23 |             61 |         2.65 |
|  clk_IBUF_BUFG | cpu_unit/inst/microblaze_I/U0/MicroBlaze_Core_I/Area.Core/Decode_I/Using_FPGA.of_PipeRun_MuxCY_1/Using_FPGA.Native_0 | cpu_unit/inst/microblaze_I/U0/MicroBlaze_Core_I/sync_reset                                                                   |               32 |             90 |         2.81 |
|  clk_IBUF_BUFG |                                                                                                                      | mmio_unit/uart_slot1/uart_unit/fifo_rx_unit/c_unit/AR[0]                                                                     |               43 |            122 |         2.84 |
|  clk_IBUF_BUFG | cpu_unit/inst/microblaze_I/U0/MicroBlaze_Core_I/Area.Core/Decode_I/Reg_Write                                         |                                                                                                                              |               32 |            128 |         4.00 |
+----------------+----------------------------------------------------------------------------------------------------------------------+------------------------------------------------------------------------------------------------------------------------------+------------------+----------------+--------------+


