#-----------------------------------------------------------
# updatemem v2021.1 (64-bit)
# SW Build 3247384 on Thu Jun 10 19:36:33 MDT 2021
# 
# Start of session at: Wed Dec  8 00:16:05 2021
# Process ID: 20944
# Current directory: C:/Users/david_davis1/Box/SoC/ClassReports/SoC/Final_Project
# Command line: updatemem.exe -mode batch -source C:/XilinxVitis/Vitis/2021.1/scripts/updatemem/main.tcl -notrace -tclargs -meminfo C:/Users/david_davis1/Box/SoC/ClassReports/SoC/Final_Project/FPWorkspace/Final_Projectapp/_ide/bitstream/Final_Projectxsa.mmi -data C:\Users\david_davis1\Box\SoC\ClassReports\SoC\Final_Project\FPWorkspace\Final_Projectapp\Debug\Final_Projectapp.elf -proc cpu_unit/inst/microblaze_I -bit C:/Users/david_davis1/Box/SoC/ClassReports/SoC/Final_Project/FPWorkspace/Final_Projectapp/_ide/bitstream/Final_Projectxsa.bit -out C:/Users/david_davis1/Box/SoC/ClassReports/SoC/Final_Project/FPWorkspace/Final_Projectapp/_ide/bitstream/download.bit -force
# Log file: C:/Users/david_davis1/Box/SoC/ClassReports/SoC/Final_Project/updatemem.log
# Journal file: C:/Users/david_davis1/Box/SoC/ClassReports/SoC/Final_Project\updatemem.jou
#-----------------------------------------------------------
source C:/XilinxVitis/Vitis/2021.1/scripts/updatemem/main.tcl -notrace
